exports[`Filter Render Test displays title and options ok 1`] = `
Array [
  <div
    style={
        Object {
            "alignItems": "center",
            "display": "flex",
            "justifyContent": "center",
          }
    }>
    <p
        style={
            Object {
                "marginRight": "15px",
              }
        }>
        mockTitle
    </p>
    <select
        onChange={[Function]}>
        <option
            value="All">
            All
        </option>
        <option
            value="Vertical">
            Vertical
        </option>
        <option
            value="Horizontal">
            Horizontal
        </option>
        <option
            value="Supplementary">
            Supplementary
        </option>
    </select>
</div>,
]
`;
